posix.uname_result(sysname='Linux', nodename='localhost', release='4.14.186-01558-gefc3f81b3c2c-dirty', version='#1 SMP PREEMPT Fri Dec 17 17:34:09 CST 2021', machine='aarch64')
